// Jest Snapshot v1, https://goo.gl/fbAQLP

exports[`<AdminRegisterScreen /> renders correctly 1`] = `
<RCTSafeAreaView
  accessible={false}
  emulateUnlessSupported={true}
  focusable={true}
  onClick={[Function]}
  onResponderGrant={[Function]}
  onResponderMove={[Function]}
  onResponderRelease={[Function]}
  onResponderTerminate={[Function]}
  onResponderTerminationRequest={[Function]}
  onStartShouldSetResponder={[Function]}
  style={
    Object {
      "flex": 1,
      "marginHorizontal": 10,
    }
  }
>
  <Text
    style={
      Array [
        Object {
          "color": "#C0C0C0",
          "fontFamily": "Avenir-Black",
          "fontSize": 25,
          "fontWeight": "900",
          "textAlign": "center",
        },
        Object {
          "marginBottom": 10,
          "marginTop": 20,
        },
      ]
    }
  >
    Create Admin Account
  </Text>
  <View
    onLayout={[Function]}
    style={
      Object {
        "alignItems": "center",
        "backgroundColor": "#404040",
        "borderRadius": 5,
        "flexDirection": "row",
        "marginVertical": 10,
        "paddingVertical": 10,
      }
    }
  >
    <View
      style={
        Object {
          "alignItems": "center",
          "marginLeft": 10,
          "width": 30,
        }
      }
    >
      <Text />
    </View>
    <TextInput
      allowFontScaling={true}
      autoCorrect={false}
      editable={true}
      enablesReturnKeyAutomatically={true}
      keyboardType="default"
      onChangeText={[Function]}
      onSubmitEditing={[Function]}
      placeholder="Name"
      placeholderTextColor="#A0A0A0"
      rejectResponderTermination={true}
      returnKeyType="next"
      style={
        Array [
          Object {
            "color": "#C0C0C0",
            "fontFamily": "Avenir-Black",
            "fontSize": 17,
            "fontWeight": "400",
          },
          Object {
            "flex": 1,
            "paddingHorizontal": 10,
          },
          undefined,
        ]
      }
      underlineColorAndroid="transparent"
      value=""
    />
  </View>
  <View
    onLayout={[Function]}
    style={
      Object {
        "alignItems": "center",
        "backgroundColor": "#404040",
        "borderRadius": 5,
        "flexDirection": "row",
        "marginVertical": 10,
        "paddingVertical": 10,
      }
    }
  >
    <View
      style={
        Object {
          "alignItems": "center",
          "marginLeft": 10,
          "width": 30,
        }
      }
    >
      <Text />
    </View>
    <TextInput
      allowFontScaling={true}
      autoCorrect={false}
      editable={true}
      enablesReturnKeyAutomatically={true}
      keyboardType="default"
      onChangeText={[Function]}
      onSubmitEditing={[Function]}
      placeholder="Company"
      placeholderTextColor="#A0A0A0"
      rejectResponderTermination={true}
      returnKeyType="next"
      style={
        Array [
          Object {
            "color": "#C0C0C0",
            "fontFamily": "Avenir-Black",
            "fontSize": 17,
            "fontWeight": "400",
          },
          Object {
            "flex": 1,
            "paddingHorizontal": 10,
          },
          undefined,
        ]
      }
      underlineColorAndroid="transparent"
      value=""
    />
  </View>
  <View
    onLayout={[Function]}
    style={
      Object {
        "alignItems": "center",
        "backgroundColor": "#404040",
        "borderRadius": 5,
        "flexDirection": "row",
        "marginVertical": 10,
        "paddingVertical": 10,
      }
    }
  >
    <View
      style={
        Object {
          "alignItems": "center",
          "marginLeft": 10,
          "width": 30,
        }
      }
    >
      <Text />
    </View>
    <TextInput
      allowFontScaling={true}
      autoCorrect={false}
      editable={true}
      enablesReturnKeyAutomatically={true}
      keyboardType="email-address"
      onChangeText={[Function]}
      onSubmitEditing={[Function]}
      placeholder="E-mail"
      placeholderTextColor="#A0A0A0"
      rejectResponderTermination={true}
      returnKeyType="next"
      style={
        Array [
          Object {
            "color": "#C0C0C0",
            "fontFamily": "Avenir-Black",
            "fontSize": 17,
            "fontWeight": "400",
          },
          Object {
            "flex": 1,
            "paddingHorizontal": 10,
          },
          undefined,
        ]
      }
      underlineColorAndroid="transparent"
      value=""
    />
  </View>
  <View
    onLayout={[Function]}
    style={
      Object {
        "alignItems": "center",
        "backgroundColor": "#404040",
        "borderRadius": 5,
        "flexDirection": "row",
        "marginVertical": 10,
        "paddingVertical": 10,
      }
    }
  >
    <View
      style={
        Object {
          "alignItems": "center",
          "marginLeft": 10,
          "width": 30,
        }
      }
    >
      <Text />
    </View>
    <TextInput
      allowFontScaling={true}
      autoCorrect={false}
      editable={true}
      enablesReturnKeyAutomatically={true}
      keyboardType="default"
      onChangeText={[Function]}
      onSubmitEditing={[Function]}
      placeholder="Password"
      placeholderTextColor="#A0A0A0"
      rejectResponderTermination={true}
      returnKeyType="next"
      secureTextEntry={true}
      style={
        Array [
          Object {
            "color": "#C0C0C0",
            "fontFamily": "Avenir-Black",
            "fontSize": 17,
            "fontWeight": "400",
          },
          Object {
            "flex": 1,
            "paddingHorizontal": 10,
          },
          undefined,
        ]
      }
      underlineColorAndroid="transparent"
      value=""
    />
    <View
      accessible={true}
      focusable={true}
      onClick={[Function]}
      onResponderGrant={[Function]}
      onResponderMove={[Function]}
      onResponderRelease={[Function]}
      onResponderTerminate={[Function]}
      onResponderTerminationRequest={[Function]}
      onStartShouldSetResponder={[Function]}
      style={
        Object {
          "marginRight": 10,
          "opacity": 1,
        }
      }
    >
      <Text />
    </View>
  </View>
  <View
    onLayout={[Function]}
    style={
      Object {
        "alignItems": "center",
        "backgroundColor": "#404040",
        "borderRadius": 5,
        "flexDirection": "row",
        "marginVertical": 10,
        "paddingVertical": 10,
      }
    }
  >
    <View
      style={
        Object {
          "alignItems": "center",
          "marginLeft": 10,
          "width": 30,
        }
      }
    >
      <Text />
    </View>
    <TextInput
      allowFontScaling={true}
      autoCorrect={false}
      editable={true}
      enablesReturnKeyAutomatically={true}
      keyboardType="default"
      onChangeText={[Function]}
      onSubmitEditing={[Function]}
      placeholder="Confirm Password"
      placeholderTextColor="#A0A0A0"
      rejectResponderTermination={true}
      returnKeyType="next"
      secureTextEntry={true}
      style={
        Array [
          Object {
            "color": "#C0C0C0",
            "fontFamily": "Avenir-Black",
            "fontSize": 17,
            "fontWeight": "400",
          },
          Object {
            "flex": 1,
            "paddingHorizontal": 10,
          },
          undefined,
        ]
      }
      underlineColorAndroid="transparent"
      value=""
    />
    <View
      accessible={true}
      focusable={true}
      onClick={[Function]}
      onResponderGrant={[Function]}
      onResponderMove={[Function]}
      onResponderRelease={[Function]}
      onResponderTerminate={[Function]}
      onResponderTerminationRequest={[Function]}
      onStartShouldSetResponder={[Function]}
      style={
        Object {
          "marginRight": 10,
          "opacity": 1,
        }
      }
    >
      <Text />
    </View>
  </View>
  <View
    style={
      Object {
        "marginTop": "auto",
      }
    }
  >
    <View
      style={
        Object {
          "flexDirection": "row",
          "justifyContent": "center",
          "marginBottom": 30,
        }
      }
    >
      <View
        accessible={true}
        focusable={true}
        onClick={[Function]}
        onResponderGrant={[Function]}
        onResponderMove={[Function]}
        onResponderRelease={[Function]}
        onResponderTerminate={[Function]}
        onResponderTerminationRequest={[Function]}
        onStartShouldSetResponder={[Function]}
        style={
          Object {
            "opacity": 1,
          }
        }
      >
        <Text
          style={
            Array [
              Object {
                "color": "#C0C0C0",
                "fontFamily": "Avenir-Black",
                "fontSize": 17,
                "fontWeight": "400",
              },
              Object {
                "color": "#66A182",
                "fontSize": 15,
              },
            ]
          }
        >
          Register
        </Text>
      </View>
      <Text
        style={
          Array [
            Object {
              "color": "#C0C0C0",
              "fontFamily": "Avenir-Black",
              "fontSize": 17,
              "fontWeight": "400",
            },
            Object {
              "fontSize": 15,
            },
          ]
        }
      >
         
        as a user
      </Text>
    </View>
    <View
      accessible={true}
      focusable={true}
      onClick={[Function]}
      onResponderGrant={[Function]}
      onResponderMove={[Function]}
      onResponderRelease={[Function]}
      onResponderTerminate={[Function]}
      onResponderTerminationRequest={[Function]}
      onStartShouldSetResponder={[Function]}
      style={
        Object {
          "backgroundColor": "#404040",
          "borderRadius": 5,
          "marginBottom": 10,
          "marginTop": "auto",
          "opacity": 1,
          "paddingVertical": 10,
        }
      }
    >
      <Text
        style={
          Array [
            Object {
              "color": "#C0C0C0",
              "fontFamily": "Avenir-Black",
              "fontSize": 17,
              "fontWeight": "400",
            },
            Object {
              "color": "#E0E0E0",
              "textAlign": "center",
            },
            Object {
              "color": "#C0C0C0",
            },
          ]
        }
      >
        Register
      </Text>
    </View>
  </View>
  <Text
    style={
      Array [
        Object {
          "color": "#C0C0C0",
          "fontFamily": "Avenir-Black",
          "fontSize": 17,
          "fontWeight": "400",
        },
        Object {
          "color": "red",
          "fontSize": 15,
          "marginLeft": 10,
        },
      ]
    }
  >
    
  </Text>
  <View
    style={
      Object {
        "flexDirection": "row",
        "justifyContent": "center",
        "marginBottom": 20,
        "marginTop": 10,
      }
    }
  >
    <Text
      style={
        Array [
          Object {
            "color": "#C0C0C0",
            "fontFamily": "Avenir-Black",
            "fontSize": 17,
            "fontWeight": "400",
          },
          Object {
            "fontSize": 15,
          },
        ]
      }
    >
      Already
       have an account?
       
    </Text>
    <View
      accessible={true}
      focusable={true}
      onClick={[Function]}
      onResponderGrant={[Function]}
      onResponderMove={[Function]}
      onResponderRelease={[Function]}
      onResponderTerminate={[Function]}
      onResponderTerminationRequest={[Function]}
      onStartShouldSetResponder={[Function]}
      style={
        Object {
          "opacity": 1,
        }
      }
    >
      <Text
        style={
          Array [
            Object {
              "color": "#C0C0C0",
              "fontFamily": "Avenir-Black",
              "fontSize": 17,
              "fontWeight": "400",
            },
            Object {
              "color": "#66A182",
              "fontSize": 15,
            },
          ]
        }
      >
        Login
      </Text>
    </View>
  </View>
</RCTSafeAreaView>
`;
