// Jest Snapshot v1, https://goo.gl/fbAQLP

exports[`<CurrentScreen /> renders correctly 1`] = `
<RCTSafeAreaView
  emulateUnlessSupported={true}
  style={
    Object {
      "flex": 1,
      "marginHorizontal": 10,
    }
  }
  testID="screen-view"
>
  <RCTSafeAreaView
    emulateUnlessSupported={true}
  >
    <Text
      style={
        Object {
          "color": "#C0C0C0",
          "fontFamily": "Avenir-Black",
          "fontSize": 25,
          "fontWeight": "900",
          "marginBottom": 10,
          "marginTop": 5,
          "textAlign": "center",
        }
      }
    >
      Find a parkade!
    </Text>
    <AIRMap
      handlePanDrag={false}
      initialRegion={null}
      onChange={[Function]}
      onLayout={[Function]}
      onMapReady={[Function]}
      onMarkerPress={[Function]}
      region={null}
      showsUserLocation={true}
      style={
        Object {
          "alignSelf": "stretch",
          "height": "100%",
        }
      }
    />
  </RCTSafeAreaView>
</RCTSafeAreaView>
`;
